==============================================================================
(b) THE RE-SENDS -- what each de-duplication rule would do
==============================================================================

store-days that were re-sent at least once : 54
files involved (originals + re-sends)      : 122
re-send files                              : 68
rows across all of those files             : 30,932
distinct (bill_no, line_no) keys           : 14,271
------------------------------------------------------------------------------
is a re-send ever a partial roll?
------------------------------------------------------------------------------
store business_date  lines_in_original  lines_in_resends  distinct_lines            verdict
  S01      20240702                190               190             190 resend is complete
  S01      20240914                432               432             432 resend is complete
  S01      20241217                247               247             247 resend is complete
  S02      20240317                330               330             330 resend is complete
  S02      20240517                295               295             295 resend is complete
  S02      20240822                223               446             223 resend is complete
  S02      20241013                409               409             409 resend is complete
  S03      20240705                396               792             396 resend is complete
  S03      20241104                364               728             364 resend is complete
  S04      20240219                 95               190              95 resend is complete
  S04      20240401                153               153             153 resend is complete
  S04      20240417                134               134             134 resend is complete
  S04      20240604                163               163             163 resend is complete
  S04      20240617                195               390             195 resend is complete
  S04      20240905                157               314             157 resend is complete
  S04      20241106                255               510             255 resend is complete
  S04      20241221                406               406             406 resend is complete
  S05      20240201                129               129             129 resend is complete
  S05      20240924                118               118             118 resend is complete
  S05      20241029                238               238             238 resend is complete
  S06      20240124                266               266             266 resend is complete
  S06      20240818                372               372             372 resend is complete
  S06      20241221                484               968             484 resend is complete
  S07      20240427                256               256             256 resend is complete
  S07      20240513                103               103             103 resend is complete
  S07      20240522                144               288             144 resend is complete
  S07      20240713                268               268             268 resend is complete
  S07      20240907                309               309             309 resend is complete
  S08      20240813                184               184             184 resend is complete
  S08      20241204                164               164             164 resend is complete
  S09      20240111                201               201             201 resend is complete
  S09      20240123                139               278             139 resend is complete
  S09      20240515                149               149             149 resend is complete
  S09      20240725                139               139             139 resend is complete
  S09      20241011                259               259             259 resend is complete
  S09      20241129                185               370             185 resend is complete
  S10      20240519                382               382             382 resend is complete
  S10      20240614                344               344             344 resend is complete
  S10      20240731                235               470             235 resend is complete
  S10      20240806                251               251             251 resend is complete
  S10      20241122                488               976             488 resend is complete
  S11      20240314                182               182             182 resend is complete
  S12      20240206                308               308             308 resend is complete
  S12      20240228                141               141             141 resend is complete
  S12      20241108                312               624             312 resend is complete
  S12      20241115                258               258             258 resend is complete
  S01      20241112                263               150             263  resend is PARTIAL
  S02      20241130                316               180             316  resend is PARTIAL
  S03      20241118                356               198             356  resend is PARTIAL
  S06      20241108                414               221             414  resend is PARTIAL
  S06      20241117                488               258             488  resend is PARTIAL
  S07      20241117                317               165             317  resend is PARTIAL
  S10      20241108                426               227             426  resend is PARTIAL
  S12      20241114                239               138             239  resend is PARTIAL

  partial re-sends found: 8 of 54 re-sent store-days
  -> 'take the newest file for each store-day' would silently drop the
     bills those re-sends had not yet committed.
------------------------------------------------------------------------------
do the files ever CONTRADICT each other?
------------------------------------------------------------------------------
 keys_with_two_different_values
                              0

  lines present ONLY in a re-send  : 0
  lines present ONLY in an original: 1,282
  -> the re-sends never contradict the original, they are a subset or an
     exact copy.  So the union is safe, and which duplicate is kept cannot
     change the answer -- which is a second reason the checksum is stable.
------------------------------------------------------------------------------
what each rule is worth, in rupees, on these days alone
------------------------------------------------------------------------------
                                     rule     revenue
              A  no de-duplication at all 14638905.11
        B  newest file per store-day wins  6142450.78
         C  union, keep the ORIGINAL line  6715362.99
D  union, keep the LATEST line  <- chosen  6715362.99

  rule A over-states these days by 7,923,542.12 (2.18x) -- every re-sent line counted twice
  rule B under-states them by      572,912.21 -- the 1,282 lines only the original had
  rules C and D agree exactly      (6,715,362.99 = 6,715,362.99), because
     no re-send contradicts its original.  The chosen rule is D: it is
     correct today and it stays correct if a future re-send ever does
     carry a correction.

written -> results/b_resend_rules.json, b_resend_shape.csv
