==============================================================================
(a) LAYOUT -- what the engine can possibly have to open
==============================================================================
      control layout already present (4389 objects)

The question: revenue for store S03 in 2024-10.

layout                                             objects           bytes
--------------------------------------------------------------------------
today: shared folder, raw CSV, one folder            4,457      68,706,877
control: same rows as Parquet, ONE flat prefix       4,389      22,181,867
chosen: store_id=/business_month=  (whole lake)        144       9,733,990
chosen: partition pruned to S03/2024-10                  1         113,465
--------------------------------------------------------------------------

files the engine could have to open : 4,389  ->  1   (4,389x fewer)
bytes the engine could have to open : 22,181,867  ->  113,465   (195x fewer)
against the shared folder as it stands today: 4,457 files / 68,706,877 bytes  ->  1 file / 113,465 bytes
------------------------------------------------------------------------------
the identical question, run against each layout
------------------------------------------------------------------------------

partitioned :      19.9 ms   result [('S03', '2024-10', 6525145.39, 2062)]
flat folder :     869.8 ms   result [('S03', '2024-10', 6525145.39, 2062)]

same answer from both layouts: True
speed-up: 43.6x
------------------------------------------------------------------------------
EXPLAIN ANALYZE -- partitioned layout
------------------------------------------------------------------------------
┌─────────────────────────────────────┐
│┌───────────────────────────────────┐│
││    Query Profiling Information    ││
│└───────────────────────────────────┘│
└─────────────────────────────────────┘
EXPLAIN ANALYZE              SELECT store_id, business_month,                    round(sum(qty*unit_price),2) AS revenue,                    count(DISTINCT bill_no) AS bills             FROM read_parquet('s3://annapurna-lake/raw/sales/**/*.parquet', hive_partitioning=1)             WHERE store_id = 'S03'               AND business_month = '2024-10'               AND line_type NOT IN ('TAX','TENDER')             GROUP BY 1,2
┌─────────────────────────────────────┐
│┌───────────────────────────────────┐│
││         HTTPFS HTTP Stats         ││
││                                   ││
││            in: 36.7 KiB           ││
││            out: 0 bytes           ││
││              #HEAD: 0             ││
││              #GET: 1              ││
││              #PUT: 0              ││
││              #POST: 0             ││
││             #DELETE: 0            ││
│└───────────────────────────────────┘│
└─────────────────────────────────────┘
┌────────────────────────────────────────────────┐
│┌──────────────────────────────────────────────┐│
││              Total Time: 0.0416s             ││
│└──────────────────────────────────────────────┘│
└────────────────────────────────────────────────┘
┌───────────────────────────┐
│           QUERY           │
└─────────────┬─────────────┘
┌─────────────┴─────────────┐
│      EXPLAIN_ANALYZE      │
│    ────────────────────   │
│                           │
│           0 rows          │
│           0.00s           │
└─────────────┬─────────────┘
┌─────────────┴─────────────┐
│         PROJECTION        │
│    ────────────────────   │
│             0             │
│             1             │
│          revenue          │
│           bills           │
│                           │
│                           │
│                           │
│           1 row           │
│           0.00s           │
└─────────────┬─────────────┘
┌─────────────┴─────────────┐
│       HASH_GROUP_BY       │
│    ────────────────────   │
│          Groups:          │
│             #0            │
│             #1            │
│                           │
│        Aggregates:        │
│          sum(#2)          │
│     count(DISTINCT #3)    │
│                           │
│                           │
│                           │
│           1 row           │
│           0.00s           │
└─────────────┬─────────────┘
┌─────────────┴─────────────┐
│         PROJECTION        │
│    ────────────────────   │
│          store_id         │
│       business_month      │
│     (qty * unit_price)    │
│          bill_no          │
│                           │
│                           │
│                           │
│         9,800 rows        │
│           0.00s           │
└─────────────┬─────────────┘
┌─────────────┴─────────────┐
│         TABLE_SCAN        │
│    ────────────────────   │
│         Function:         │
│        READ_PARQUET       │
│                           │
│        Projections:       │
│          store_id         │
│       business_month      │
│            qty            │
│         unit_price        │
│          bill_no          │
│                           │
│          Filters:         │
│ (line_type NOT IN ('TAX', │
│         'TENDER'))        │
│                           │
│       File Filters:       │
│     (store_id = 'S03')    │
│ (business_month = '2024-10│
│             ')            │
│                           │
│   Scanning Files: 1/144   │
│    Total Files Read: 1    │
│                           │
│        Filename(s):       │
│  s3://annapurna-lake/raw  │
│    /sales/store_id=S03    │
│  /business_month=2024-10  │
│      /part-0.parquet      │
│                           │
│                           │
│                           │
│         9,800 rows        │
│           0.00s           │
└───────────────────────────┘

------------------------------------------------------------------------------
EXPLAIN ANALYZE -- flat layout
------------------------------------------------------------------------------
┌─────────────────────────────────────┐
│┌───────────────────────────────────┐│
││    Query Profiling Information    ││
│└───────────────────────────────────┘│
└─────────────────────────────────────┘
EXPLAIN ANALYZE              SELECT store_id, business_month,                    round(sum(qty*unit_price),2) AS revenue,                    count(DISTINCT bill_no) AS bills             FROM read_parquet('s3://annapurna-lake/flat/sales/**/*.parquet')             WHERE store_id = 'S03'               AND business_month = '2024-10'               AND line_type NOT IN ('TAX','TENDER')             GROUP BY 1,2
┌─────────────────────────────────────┐
│┌───────────────────────────────────┐│
││         HTTPFS HTTP Stats         ││
││                                   ││
││            in: 1.0 MiB            ││
││            out: 0 bytes           ││
││              #HEAD: 0             ││
││              #GET: 5              ││
││              #PUT: 0              ││
││              #POST: 0             ││
││             #DELETE: 0            ││
│└───────────────────────────────────┘│
└─────────────────────────────────────┘
┌────────────────────────────────────────────────┐
│┌──────────────────────────────────────────────┐│
││               Total Time: 1.01s              ││
│└──────────────────────────────────────────────┘│
└────────────────────────────────────────────────┘
┌───────────────────────────┐
│           QUERY           │
└─────────────┬─────────────┘
┌─────────────┴─────────────┐
│      EXPLAIN_ANALYZE      │
│    ────────────────────   │
│                           │
│           0 rows          │
│           0.00s           │
└─────────────┬─────────────┘
┌─────────────┴─────────────┐
│         PROJECTION        │
│    ────────────────────   │
│             0             │
│             1             │
│          revenue          │
│           bills           │
│                           │
│                           │
│                           │
│           1 row           │
│           0.00s           │
└─────────────┬─────────────┘
┌─────────────┴─────────────┐
│       HASH_GROUP_BY       │
│    ────────────────────   │
│          Groups:          │
│             #0            │
│             #1            │
│                           │
│        Aggregates:        │
│          sum(#2)          │
│     count(DISTINCT #3)    │
│                           │
│                           │
│                           │
│           1 row           │
│           0.02s           │
└─────────────┬─────────────┘
┌─────────────┴─────────────┐
│         PROJECTION        │
│    ────────────────────   │
│          store_id         │
│       business_month      │
│     (qty * unit_price)    │
│          bill_no          │
│                           │
│                           │
│                           │
│         9,800 rows        │
│           0.00s           │
└─────────────┬─────────────┘
┌─────────────┴─────────────┐
│         TABLE_SCAN        │
│    ────────────────────   │
│         Function:         │
│        READ_PARQUET       │
│                           │
│        Projections:       │
│          store_id         │
│       business_month      │
│            qty            │
│         unit_price        │
│          bill_no          │
│                           │
│          Filters:         │
│       store_id='S03'      │
│  business_month='2024-10' │
│ (line_type NOT IN ('TAX', │
│         'TENDER'))        │
│                           │
│     Total Files Read:     │
│            4389           │
│                           │
│        Filename(s):       │
│  s3://annapurna-lake/flat │
│  /sales/**/*.parquet, ... │
│                           │
│                           │
│                           │
│         9,800 rows        │
│           4.53s           │
└───────────────────────────┘


written -> results/a_layout.json, a_explain_*.txt
